==============================================================================
Ios Web Test                                                                  
==============================================================================
Open Browser                                                          | PASS |
------------------------------------------------------------------------------
Navigate To Url                                                       Text is input in search box
Clicked on google search icon
| PASS |
------------------------------------------------------------------------------
Close All Apps                                                        | PASS |
------------------------------------------------------------------------------
Ios Web Test                                                          | PASS |
3 tests, 3 passed, 0 failed
==============================================================================
Output:  /Users/allard/Desktop/accenture-testing/tests/pcloudy/pabot_results/1/0/output.xml
